// Jest Snapshot v1, https://goo.gl/fbAQLP

exports[`should match snapshot 1`] = `
<DocumentFragment>
  <div
    class="modal-0-2-1 undefined"
    data-testid="modal"
    role="dialog"
  >
    <div
      class="modalBody-0-2-5 modalBody-d1-0-2-10"
    >
      <button
        class="close-0-2-2 close-d0-0-2-9"
        data-testid="button-close-modal"
      >
        Close
      </button>
      <div
        class="spinner-0-2-3"
      >
        <div
          class="spinner-0-2-12"
        >
          <div
            class="doubleBounce-0-2-13 doubleBounce-d0-0-2-16"
          />
          <div
            class="doubleBounce-0-2-13 doubleBounce-d0-0-2-16,doubleBounce2-0-2-14"
          />
        </div>
      </div>
      <div
        class="content-0-2-4"
      />
    </div>
    <div
      class="modalOverlay-0-2-6 modalOverlay-d2-0-2-11"
      data-testid="overlay-modal"
    />
  </div>
</DocumentFragment>
`;
